└──''
Ошибка синтаксиса в строке 1 позиции 4: требуется выражение


