└──''
Ошибка синтаксиса в строке 1 позиции 8: требуется ")"


