└──''
Ошибка синтаксиса в строке 1 позиции 6: требуется выражение


