└──''
Ошибка синтаксиса в строке 1 позиции 3: требуется "("


