
DO WHILE
     list
          1
     list
          "@++"
               x

