юдд''
   юдд'do'
      цдд'1'
      юдд'block'
         юдд'@++'
            юдд'x'

