└──''
Ошибка синтаксиса в строке 4 позиции 4: требуется выражение

Ошибка синтаксиса в строке 5 позиции 2: требуется "}"


