юдд''
   юдд'if'
      цдд'x'
      цдд'block'
      Ё  юдд'@++'
      Ё     юдд'x'
      юдд'@--'
         юдд'x'

