юдд''
   юдд'while'
      цдд'>'
      Ё  цдд'1'
      Ё  юдд'2'
      юдд'empty block'

