IDENTIFICATOR 1 1 p0x1
Ошибка в строке 2 позиции 4: требуется экспоненциальное значение
Ошибка в строке 3 позиции 5: требуется экспоненциальное значение
Ошибка в строке 4 позиции 5: требуется экспоненциальное значение
Ошибка в строке 5 позиции 8: требуется экспоненциальное значение
OPERATOR 5 9 *
DOUBLE 5 10 1
неверная запись числа
IDENTIFICATOR 6 10 x1
EOF 6 12 
