Ошибка в строке 1 позиции 6: требуется экспоненциальное значение
EOF 1 10 
