IDENTIFICATOR 1 1 e1
Ошибка в строке 2 позиции 2: требуется экспоненциальное значение
Ошибка в строке 3 позиции 3: требуется экспоненциальное значение
Ошибка в строке 4 позиции 3: требуется экспоненциальное значение
Ошибка в строке 5 позиции 4: требуется экспоненциальное значение
OPERATOR 5 5 *
DOUBLE 5 6 1
Ошибка в строке 6 позиции 3: необходимо "E" для основания "10"
IDENTIFICATOR 6 4 p1
EOF 6 6 
