Ошибка в строке 1 позиции 2: отсутствует " ' "
Ошибка в строке 2 позиции 2: отсутствует " ' "
Ошибка в строке 4 позиции 3: недопустимый символ "F" для основания "8"
Ошибка в строке 5 позиции 4: отсутствует " ' "
EOF 6 1 
