Ошибка в строке 1 позиции 2: недопустимый символ "x" в записи числа.
EOF 1 8 
