DOUBLE 1 1 2730
DOUBLE 2 1 0
DOUBLE 3 1 0
DOUBLE 4 1 4095
DOUBLE 5 1 4660
DOUBLE 6 1 354185
EOF 6 9 
