<<<table #1>>>
<tags>
<types>
int
char
double
void
<vars>
Ошибка синтаксиса в строке 1, позиции 5: требуется идентификатор

