<<<table #1>>>
<tags>
<types>
int
char
double
void
<vars>
Семантическая ошибка в строке 1, позиции 9: необходим хотя бы один элемент

