<<<table #1>>>
<tags>
<types>
int
char
double
void
<vars>
var A type int
Семантическая ошибка в строке 2, позиции 6: переопределение A

