<<<table #1>>>
<tags>
<types>
int
char
double
void
<vars>
var x type pointer to function (var  type super, ){
} returned int
Семантическая ошибка в строке 1, позиции 10: недопустимо использование типа "void"

