Ссылка на объект не указывает на экземпляр объекта.