<<<table #1>>>
<tags>
<types>
int
char
double
void
<vars>
Ошибка синтаксиса в строке 2, позиции 8: требуется ";"
Ошибка синтаксиса в строке 3, позиции 1: требуется объявление

