<<<table #1>>>
<tags>
<types>
int
char
double
void
<vars>
var f type function (){
              <<<table #3>>>
              <tags>
              <types>
              <vars>
              юдд{empty block}

} returned int
var f2 type function (){
               <<<table #5>>>
               <tags>
               <types>
               <vars>
               юдд{empty block}

} returned pointer to pointer to char
var f3 type function (){
               <<<table #7>>>
               <tags>
               <types>
               <vars>
               юдд{empty block}

} returned void
var f4 type function (){
               <<<table #9>>>
               <tags>
               <types>
               <vars>
               юдд{empty block}

} returned pointer to void

