<--------TABLES-------->
<---TABLE--->
VARS::

main   FUNC () { BLOCK } RETURNED int   


TYPES::
char char

double double

int int

void void

TT ENUM TT {
A
B
C
}

TENUM ENUM TT {
A
B
C
}

<---TABLE--->
VARS::

X   STRUCT TENUM{
vars::

types::
}   


Y   ENUM TT {
A
B
C
}   


TYPES::
TENUM STRUCT TENUM{
vars::

types::
}

