<<<table #1>>>
<tags>
<types>
int
char
double
void
<vars>
var x1 type int
var x2 type char
var x3 type double
var x type int
var y type int
var z type int

