<--------TABLES-------->
<---TABLE--->
VARS::

a   STRUCT A{
vars::

b   STRUCT B{
vars::

unnname   STRUCT $UNNAMED${
vars::

types::
}   


types::
}   


b2   STRUCT B{
vars::

unnname   STRUCT $UNNAMED${
vars::

types::
}   


types::
}   


types::
}   


TYPES::
char char

double double

int int

void void

B STRUCT B{
vars::

unnname   STRUCT $UNNAMED${
vars::

types::
}   


types::
}

A STRUCT A{
vars::

b   STRUCT B{
vars::

unnname   STRUCT $UNNAMED${
vars::

types::
}   


types::
}   


b2   STRUCT B{
vars::

unnname   STRUCT $UNNAMED${
vars::

types::
}   


types::
}   


types::
}

