<--------TABLES-------->
<---TABLE--->
VARS::

Z   STRUCT $UNNAMED${
vars::

f   FUNC () { BLOCK     RETURN          5 } RETURNED int   


x   int   


types::
}   


TYPES::
char char

double double

int int

void void

<---TABLE--->
VARS::

TYPES::
