<--------TABLES-------->
<---TABLE--->
VARS::

TYPES::
char char

double double

int int

void void

