<--------TABLES-------->
<---TABLE--->
VARS::

x   int   
 = 5


f   FUNC () { BLOCK     RETURN
          "+"
               x
               4 } RETURNED int   


up   FUNC () { BLOCK
     "+="
          x
          4 } RETURNED void   


main   FUNC () { BLOCK
     "="
          x
          CALL
               f     CALL
          up     RETURN          x } RETURNED void   


TYPES::
char char

double double

int int

void void

<---TABLE--->
VARS::

TYPES::
<---TABLE--->
VARS::

TYPES::
<---TABLE--->
VARS::

Z   POINTER TO ARRAY () OF POINTER TO STRUCT $UNNAMED${
vars::

types::
}   


x   int   
 = 0


TYPES::
