└──''
Ошибка синтаксиса в строке 1 позиции 5: требуется выражение

Ошибка синтаксиса в строке 2 позиции 1: требуется ";"

Ошибка синтаксиса в строке 3 позиции 4: требуется выражение

Ошибка синтаксиса в строке 3 позиции 8: требуется ";"


