└──''
Ошибка синтаксиса в строке 1 позиции 7: требуется выражение

Ошибка синтаксиса в строке 2 позиции 11: требуется выражение


