└──''
Ошибка синтаксиса в строке 1 позиции 2: требуется выражение


