юдд''
   юдд'||'
      цдд'&&'
      Ё  цдд'++@'
      Ё  Ё  юдд'a'
      Ё  юдд'=='
      Ё     цдд'&@'
      Ё     Ё  юдд'x'
      Ё     юдд'2'
      юдд'=='
         цдд'+'
         Ё  цдд'*@'
         Ё  Ё  юдд'*@'
         Ё  Ё     юдд'x'
         Ё  юдд'4'
         юдд'('
            цдд'f'
            юдд'-@'
               юдд'4'

