
list
     "CAST"
          int
          x
list
     "CAST"
          int
          "CAST"
               char
               x
list
     "!@"
          "CAST"
               int
               x
list
     "CAST"
          int
          "++@"
               x

