
list
     "=="
          "=="
               a
               b
          c
list
     "||"
          ">"
               a
               a
          "=="
               a
               a
list
     "||"
          "&&"
               ">="
                    b
                    c
               15
          1

