
list
     _asdda
list
     list
          "+"
               a
               b
list
     sdsads
list
     123213
list
     s

