
list
     "sizeof@"
          int
list
     "sizeof@"
          x
list
     "sizeof@"
          list
               x

