
list
     "sizeof@"
          x
list
     "sizeof@"
          int

