Ошибка в строке 1 позиции 6: требуется выражение
Ошибка в строке 2 позиции 6: требуется выражение
"ROOT"
