Ошибка в строке 1 позиции 3: требуется выражение
Ошибка в строке 2 позиции 7: требуется выражение
Ошибка в строке 3 позиции 8: требуется выражение
"ROOT"
