Ошибка в строке 1 позиции 1: требуется выражение
"ROOT"
