Ошибка в строке 1 позиции 9: отсутствует )
Ошибка в строке 2 позиции 14: отсутствует )
"ROOT"
