"ROOT"
    "EXPR"
         "->"
              "a"
              "b"
    "EXPR"
         "."
              "a"
              "b"
    "EXPR"
         "["
              "a"
              "EXPR"
                   "b"
