"ROOT"
    "EXPR"
         "->"
              "->"
                   "a"
                   "b"
              "c"
    "EXPR"
         "["
              "["
                   "a"
                   "EXPR"
                        "b"
              "EXPR"
                   "c"
    "EXPR"
         "."
              "."
                   "a"
                   "b"
              "c"
