"ROOT"
    "EXPR"
         "sizeof@"
              "x"
    "EXPR"
         "sizeof@"
              "int"
